// Jest Snapshot v1, https://goo.gl/fbAQLP

exports[`runs correctly 1`] = `
<div
  className="card"
>
  <div
    className="cover-container"
  >
    <ImageFadeIn
      className="cover"
      loadAsBackgroundImage={false}
      opacityTransition={0.5}
      src="https://via.placeholder.com/1000"
    />
  </div>
  <div
    className="info"
  >
    <div
      className="title"
      title="test_name"
    >
      test_name
    </div>
    <div
      className="description"
      title="test_artist"
    >
      test_artist
    </div>
  </div>
  <button
    aria-hidden="true"
    className="fab "
    onClick={[Function]}
    tabIndex={0}
    title="Play"
  >
    <SvgPlayFill
      className="fab-icon"
    />
  </button>
</div>
`;
