// Jest Snapshot v1, https://goo.gl/fbAQLP

exports[`runs correctly 1`] = `
<div
  className="card-content"
>
  <div
    className="card-cover-container"
  >
    <img
      alt=""
      className="card-cover"
      src="undefined/"
    />
  </div>
  <div
    className="card-info-area"
  >
    <div
      className="card-title-area"
    >
      <span
        className="card-title"
        title="test_name"
      >
        test_name
      </span>
    </div>
    <div
      className="card-description-area"
      title="test_artist"
    >
      test_artist
    </div>
  </div>
  <button
    aria-hidden="true"
    className="card-fab"
    onClick={[Function]}
    tabIndex={0}
    title="Play"
  >
    <SvgCardPlay
      className="card-fab-icon"
    />
  </button>
</div>
`;
