// Jest Snapshot v1, https://goo.gl/fbAQLP

exports[`runs correctly 1`] = `
<div
  className="navbar"
>
  <SvgLogo
    className="logo"
  />
  <Nav />
  <div
    style={
      Object {
        "display": "flex",
        "flexDirection": "column",
        "gap": 24,
        "marginTop": 24,
      }
    }
  >
    <NavMenu
      className="nav-menu"
    />
    <NavList />
  </div>
</div>
`;
