// Jest Snapshot v1, https://goo.gl/fbAQLP

exports[`runs correctly 1`] = `
<div
  className="nowplaying-right-container"
>
  <div
    className="nowplaying-right-playlist"
  >
    <SvgPlaylist
      className="nowplaying-right-icon"
    />
  </div>
  <div
    className="nowplaying-right-devices"
  >
    <SvgDevices
      className="nowplaying-right-icon-devices"
    />
  </div>
  <div
    className="nowplaying-right-volume"
  >
    <SvgVolume
      className="nowplaying-right-icon"
    />
  </div>
  <Slider
    axis="x"
    disabled={false}
    onChange={[Function]}
    styles={
      Object {
        "active": Object {
          "backgroundColor": "#B3B3B3",
        },
        "thumb": Object {
          "height": 12,
          "width": 12,
        },
        "track": Object {
          "backgroundColor": "#535353",
          "borderRadius": 2,
          "height": 4,
          "position": "absolute",
          "right": 0.4,
          "top": "calc(50% - 4px / 2)",
          "width": 84,
        },
      }
    }
    x={50}
    xmax={1}
    xmin={0}
    xreverse={false}
    xstep={0.1}
    y={50}
    ymax={100}
    ymin={0}
    yreverse={false}
    ystep={1}
  />
</div>
`;
