// Jest Snapshot v1, https://goo.gl/fbAQLP

exports[`runs correctly 1`] = `
<div
  className="nowplaying-right-container"
>
  <div
    className="nowplaying-right-playlist"
  >
    <SvgPlaylist
      className="nowplaying-right-icon"
    />
  </div>
  <div
    className="nowplaying-right-devices"
  >
    <SvgDevices
      className="nowplaying-right-icon-devices"
    />
  </div>
  <div
    className="nowplaying-right-volume"
  >
    <SvgVolume
      className="nowplaying-right-icon"
    />
  </div>
  <div
    className="nowplaying-right-volume-bar"
  />
</div>
`;
