// Jest Snapshot v1, https://goo.gl/fbAQLP

exports[`runs correctly 1`] = `
<div
  className="playlist-menu "
>
  <div
    className="menu-title"
  >
    PLAYLISTS
  </div>
  <NavMenuItem
    Icon={[Function]}
    text="Create a playlist"
  />
  <NavMenuItem
    Icon={[Function]}
    gradient={true}
    text="Liked Songs"
  />
  <NavDivider />
</div>
`;
