// Jest Snapshot v1, https://goo.gl/fbAQLP

exports[`runs correctly 1`] = `
<div
  className="download-button-container"
>
  <div
    className="download-button-inner-container"
  >
    <div
      className="download-button-icon-container"
    >
      <SvgDownloadIcon
        className="download-button-icon"
      />
    </div>
    <span
      className="download-button-text"
    >
      Download App
    </span>
  </div>
</div>
`;
