// Jest Snapshot v1, https://goo.gl/fbAQLP

exports[`runs correctly 1`] = `
<div
  className="btn-container-playlist-item"
>
  <div
    className="playlist-menu-inner-frame"
  >
    <div
      className="playlist-menu-icon-container playlist-menu-icon-gradient"
    >
      <SvgPlaylistHeart
        className="playlist-menu-icon"
      />
    </div>
    <span
      className="playlist-menu-text"
    >
      test_text
    </span>
  </div>
</div>
`;
