// Jest Snapshot v1, https://goo.gl/fbAQLP

exports[`runs correctly 1`] = `
<div>
  <Navbar />
  <Topbar />
  <ContextProvider
    value={
      Object {
        "currentSong": Object {},
        "setCurrentSong": [Function],
      }
    }
  >
    <ContextProvider
      value={
        Object {
          "setVolume": [Function],
          "volume": 1,
        }
      }
    >
      <Nowplaying />
    </ContextProvider>
    <Main />
  </ContextProvider>
</div>
`;
