// Jest Snapshot v1, https://goo.gl/fbAQLP

exports[`runs correctly 1`] = `
<div>
  <Navbar />
  <Topbar />
  <ContextProvider
    value={
      Object {
        "currentSong": Object {},
        "setCurrentSong": [Function],
      }
    }
  >
    <Nowplaying />
    <Main />
  </ContextProvider>
</div>
`;
