// Jest Snapshot v1, https://goo.gl/fbAQLP

exports[`runs correctly 1`] = `
<div
  className="navigation-menu"
>
  <NavigationButton
    Icon={[Function]}
    active={true}
    text="Home"
  />
  <NavigationButton
    Icon={[Function]}
    text="Search"
  />
  <NavigationButton
    Icon={[Function]}
    text="Library"
  />
</div>
`;
